
Memory Configuration

Name             Origin             Length             Attributes
flash            0x08000000         0x00020000         xr
sram             0x20000000         0x00005000         xrw
*default*        0x00000000         0xffffffff

Linker script and memory map


.text           0x08000000      0x3cc
 *(.vectors*)
 .vectors       0x08000000       0x1c startup.o
                0x08000000                vectors
 *(.text*)
 .text          0x0800001c       0xc4 Alarm_Actuator.o
                0x0800001c                ST_Alarm_Act_Init
                0x08000040                ST_Alarm_Act_Waiting
                0x08000058                ST_Alarm_Act_ON
                0x08000080                ST_Alarm_Act_OFF
                0x080000a8                AA_Start_Alarm
                0x080000c4                AA_Stop_Alarm
 .text          0x080000e0       0x7c Alarm_Monitor.o
                0x080000e0                ST_AM_Alarm_OFF
                0x08000110                ST_AM_Alarm_ON
                0x08000134                ST_AM_Waiting
 .text          0x0800015c       0xc4 GPIO.o
                0x0800015c                GPIO_Delay
                0x0800017e                GPIO_GetPressureVal
                0x08000194                GPIO_Set_Alarm_Actuator
                0x080001d0                GPIO_Init
 .text          0x08000220       0x34 main.o
                0x08000220                main
 .text          0x08000254       0x58 Main_Program.o
                0x08000254                ST_MP_High_Pressure
                0x08000284                MP_High_Pressure_Detection
 .text          0x080002ac       0x90 Pressure_Sensor.o
                0x080002ac                ST_PS_Init
                0x080002d0                ST_PS_Reading
                0x08000300                ST_PS_Waiting
                0x08000328                PS_Get_Pressure_Value
 .text          0x0800033c       0x90 startup.o
                0x0800033c                H_Fault_Handler
                0x0800033c                MM_Fault_Handler
                0x0800033c                Usage_Fault_Handler
                0x0800033c                Bus_Fault
                0x0800033c                Default_Handler
                0x0800033c                NMI_Handler
                0x08000348                Reset_Handler
 *(.rodata*)
                0x080003cc                _E_text = .

.glue_7         0x080003cc        0x0
 .glue_7        0x080003cc        0x0 linker stubs

.glue_7t        0x080003cc        0x0
 .glue_7t       0x080003cc        0x0 linker stubs

.vfp11_veneer   0x080003cc        0x0
 .vfp11_veneer  0x080003cc        0x0 linker stubs

.v4_bx          0x080003cc        0x0
 .v4_bx         0x080003cc        0x0 linker stubs

.iplt           0x080003cc        0x0
 .iplt          0x080003cc        0x0 Alarm_Actuator.o

.rel.dyn        0x080003cc        0x0
 .rel.iplt      0x080003cc        0x0 Alarm_Actuator.o

.data           0x20000000       0x14 load address 0x080003cc
                0x20000000                _S_DATA = .
 *(.data*)
 .data          0x20000000        0x0 Alarm_Actuator.o
 .data          0x20000000        0x0 Alarm_Monitor.o
 .data          0x20000000        0x0 GPIO.o
 .data          0x20000000       0x10 main.o
                0x20000000                PS_State
                0x20000004                Alarm_Act_State
                0x20000008                AM_State
                0x2000000c                MP_State
 .data          0x20000010        0x4 Main_Program.o
 .data          0x20000014        0x0 Pressure_Sensor.o
 .data          0x20000014        0x0 startup.o
                0x20000014                . = ALIGN (0x4)
                0x20000014                _E_DATA = .

.igot.plt       0x20000014        0x0 load address 0x080003e0
 .igot.plt      0x20000014        0x0 Alarm_Actuator.o

.bss            0x20000014     0x1018 load address 0x080003e0
                0x20000014                _S_bss = .
 *(.bss*)
 .bss           0x20000014        0x1 Alarm_Actuator.o
                0x20000014                E_Alarm_Act_Status
 .bss           0x20000015        0x1 Alarm_Monitor.o
                0x20000015                AM_Status
 .bss           0x20000016        0x0 GPIO.o
 .bss           0x20000016        0x0 main.o
 *fill*         0x20000016        0x2 
 .bss           0x20000018        0x8 Main_Program.o
                0x20000018                E_MP_Status
 .bss           0x20000020        0x8 Pressure_Sensor.o
                0x20000020                E_PS_Status
 .bss           0x20000028        0x4 startup.o
                0x2000002c                _E_bss = .
                0x2000002c                . = ALIGN (0x4)
                0x2000102c                . = (. + 0x1000)
 *fill*         0x2000002c     0x1000 
                0x2000102c                _stack_top = .
LOAD Alarm_Actuator.o
LOAD Alarm_Monitor.o
LOAD GPIO.o
LOAD main.o
LOAD Main_Program.o
LOAD Pressure_Sensor.o
LOAD startup.o
OUTPUT(Pressure_Detection_Lab.elf elf32-littlearm)
LOAD linker stubs

.debug_info     0x00000000      0x86e
 .debug_info    0x00000000      0x15a Alarm_Actuator.o
 .debug_info    0x0000015a      0x110 Alarm_Monitor.o
 .debug_info    0x0000026a      0x101 GPIO.o
 .debug_info    0x0000036b      0x10a main.o
 .debug_info    0x00000475      0x117 Main_Program.o
 .debug_info    0x0000058c      0x13d Pressure_Sensor.o
 .debug_info    0x000006c9      0x1a5 startup.o

.debug_abbrev   0x00000000      0x577
 .debug_abbrev  0x00000000       0xda Alarm_Actuator.o
 .debug_abbrev  0x000000da       0xa8 Alarm_Monitor.o
 .debug_abbrev  0x00000182       0xc7 GPIO.o
 .debug_abbrev  0x00000249       0x8a main.o
 .debug_abbrev  0x000002d3       0xd5 Main_Program.o
 .debug_abbrev  0x000003a8       0xed Pressure_Sensor.o
 .debug_abbrev  0x00000495       0xe2 startup.o

.debug_loc      0x00000000      0x524
 .debug_loc     0x00000000      0x168 Alarm_Actuator.o
 .debug_loc     0x00000168       0x84 Alarm_Monitor.o
 .debug_loc     0x000001ec      0x140 GPIO.o
 .debug_loc     0x0000032c       0x2c main.o
 .debug_loc     0x00000358       0x70 Main_Program.o
 .debug_loc     0x000003c8       0xe0 Pressure_Sensor.o
 .debug_loc     0x000004a8       0x7c startup.o

.debug_aranges  0x00000000       0xe0
 .debug_aranges
                0x00000000       0x20 Alarm_Actuator.o
 .debug_aranges
                0x00000020       0x20 Alarm_Monitor.o
 .debug_aranges
                0x00000040       0x20 GPIO.o
 .debug_aranges
                0x00000060       0x20 main.o
 .debug_aranges
                0x00000080       0x20 Main_Program.o
 .debug_aranges
                0x000000a0       0x20 Pressure_Sensor.o
 .debug_aranges
                0x000000c0       0x20 startup.o

.debug_line     0x00000000      0x50a
 .debug_line    0x00000000       0xa2 Alarm_Actuator.o
 .debug_line    0x000000a2       0x94 Alarm_Monitor.o
 .debug_line    0x00000136       0x8d GPIO.o
 .debug_line    0x000001c3       0xa4 main.o
 .debug_line    0x00000267       0x7c Main_Program.o
 .debug_line    0x000002e3       0x99 Pressure_Sensor.o
 .debug_line    0x0000037c      0x18e startup.o

.debug_str      0x00000000      0x3ca
 .debug_str     0x00000000      0x1a3 Alarm_Actuator.o
                                0x1fd (size before relaxing)
 .debug_str     0x000001a3       0x50 Alarm_Monitor.o
                                0x19c (size before relaxing)
 .debug_str     0x000001f3       0x4f GPIO.o
                                0x178 (size before relaxing)
 .debug_str     0x00000242       0x1e main.o
                                0x157 (size before relaxing)
 .debug_str     0x00000260       0x72 Main_Program.o
                                0x1b5 (size before relaxing)
 .debug_str     0x000002d2       0x6d Pressure_Sensor.o
                                0x1bd (size before relaxing)
 .debug_str     0x0000033f       0x8b startup.o
                                0x1bd (size before relaxing)

.comment        0x00000000       0x49
 .comment       0x00000000       0x49 Alarm_Actuator.o
                                 0x4a (size before relaxing)
 .comment       0x00000049       0x4a Alarm_Monitor.o
 .comment       0x00000049       0x4a GPIO.o
 .comment       0x00000049       0x4a main.o
 .comment       0x00000049       0x4a Main_Program.o
 .comment       0x00000049       0x4a Pressure_Sensor.o
 .comment       0x00000049       0x4a startup.o

.ARM.attributes
                0x00000000       0x2d
 .ARM.attributes
                0x00000000       0x2d Alarm_Actuator.o
 .ARM.attributes
                0x0000002d       0x2d Alarm_Monitor.o
 .ARM.attributes
                0x0000005a       0x2d GPIO.o
 .ARM.attributes
                0x00000087       0x2d main.o
 .ARM.attributes
                0x000000b4       0x2d Main_Program.o
 .ARM.attributes
                0x000000e1       0x2d Pressure_Sensor.o
 .ARM.attributes
                0x0000010e       0x2d startup.o

.debug_frame    0x00000000      0x31c
 .debug_frame   0x00000000       0xc8 Alarm_Actuator.o
 .debug_frame   0x000000c8       0x64 Alarm_Monitor.o
 .debug_frame   0x0000012c       0xa0 GPIO.o
 .debug_frame   0x000001cc       0x2c main.o
 .debug_frame   0x000001f8       0x4c Main_Program.o
 .debug_frame   0x00000244       0x88 Pressure_Sensor.o
 .debug_frame   0x000002cc       0x50 startup.o
